// Jest Snapshot v1, https://goo.gl/fbAQLP

exports[` Header Snapshot Matching 1`] = `
<View
  style={
    {
      "alignItems": "center",
      "backgroundColor": "#F27900",
      "height": 82.14285714285714,
      "justifyContent": "center",
    }
  }
>
  <Text
    style={
      {
        "color": "#fff",
        "fontSize": 25,
      }
    }
    testID="header-text"
  />
</View>
`;
