// Jest Snapshot v1, https://goo.gl/fbAQLP

exports[`renders correctly 1`] = `
<View>
  <Text />
  <View
    style={
      {
        "flexDirection": "row",
      }
    }
  />
</View>
`;
